// Jest Snapshot v1, https://goo.gl/fbAQLP

exports[`renders correctly 1`] = `
<div
  className="introductionWrapper"
>
  <h1>
    Hei!
  </h1>
  <button
    className="toggleButton"
    onClick={[Function]}
  >
    <span>
      Endre navn
    </span>
    <span
      className="plusMinus"
    >
      +
    </span>
  </button>
</div>
`;
