// Jest Snapshot v1, https://goo.gl/fbAQLP

exports[`renders correctly with two children that takes url and canvas as props 1`] = `
<div>
  <div
    className="carousel-wrapper"
  >
    <div
      className="carousel-slides"
    >
      <div
        className="slide-active"
      >
        <div
          className="grid-container"
        >
          <div
            className="grid-canvas"
          >
            <canvas
              className="canvas"
              height={800}
              width={800}
            />
          </div>
          <div
            className="grid-poetry"
          >
            <h1>
              Vennligst vent mens diktet hentes...
            </h1>
          </div>
        </div>
      </div>
      <div
        className="slide-hidden"
      >
        <div
          className="grid-container"
        >
          <div
            className="grid-canvas"
          >
            <canvas
              className="canvas"
              height={800}
              width={800}
            />
          </div>
          <div
            className="grid-poetry"
          >
            <h1>
              Vennligst vent mens diktet hentes...
            </h1>
          </div>
        </div>
      </div>
    </div>
    <div
      className="carousel-buttons"
    >
      <button
        className="carousel-button"
        onClick={[Function]}
        style={
          Object {
            "float": "left",
          }
        }
      >
        ≪ Forrige
      </button>
      <button
        className="carousel-button"
        onClick={[Function]}
        style={
          Object {
            "float": "right",
          }
        }
      >
        Neste ≫
      </button>
    </div>
  </div>
</div>
`;
